Exit Code: 0
--- STDOUT ---
#1 [internal] load local bake definitions
#1 reading from stdin 736B done
#1 DONE 0.0s

#2 [internal] load build definition from Dockerfile
#2 transferring dockerfile: 885B 0.0s done
#2 DONE 0.0s

#3 resolve image config for docker-image://docker.io/docker/dockerfile:1
#3 DONE 3.5s

#4 docker-image://docker.io/docker/dockerfile:1@sha256:4edf897a3ffa55b89f906fc8cc78afdb3f1834cc9c7083565e611a8a7d5fe99e
#4 resolve docker.io/docker/dockerfile:1@sha256:4edf897a3ffa55b89f906fc8cc78afdb3f1834cc9c7083565e611a8a7d5fe99e 0.0s done
#4 CACHED

#5 [internal] load metadata for docker.io/library/python:3.12-slim
#5 DONE 1.5s

#6 [internal] load .dockerignore
#6 transferring context: 293B done
#6 DONE 0.0s

#7 [internal] load build context
#7 transferring context: 7.85kB done
#7 DONE 0.0s

#8 [1/7] FROM docker.io/library/python:3.12-slim@sha256:a6e34c598f2467ed0e9a8d349809fcd8b5c603269512df273a0bb1784edc11b1
#8 resolve docker.io/library/python:3.12-slim@sha256:a6e34c598f2467ed0e9a8d349809fcd8b5c603269512df273a0bb1784edc11b1 0.0s done
#8 DONE 0.0s

#9 [2/7] WORKDIR /workspace
#9 CACHED

#10 [4/7] COPY backend/requirements.txt /workspace/backend/requirements.txt
#10 CACHED

#11 [6/7] COPY backend /workspace/backend
#11 CACHED

#12 [5/7] RUN pip install --no-cache-dir --upgrade pip &&     pip install --no-cache-dir -r /workspace/backend/requirements.txt
#12 CACHED

#13 [3/7] RUN apt-get update && apt-get install -y --no-install-recommends     curl     && rm -rf /var/lib/apt/lists/*
#13 CACHED

#14 [7/7] COPY pytest.ini /workspace/pytest.ini
#14 CACHED

#15 exporting to image
#15 exporting layers done
#15 exporting manifest sha256:0f7e10f95f3255dfbc80f403099d0a43925a2fe2bc91c4075106faa152354ff3 done
#15 exporting config sha256:aee009e61be213662f4c35bebacbfedbb55aeffb91c02a82099137c23c257f60 done
#15 exporting attestation manifest sha256:f14659857ed559b9b0dc35da5bad7b588ac46d0a6e6c749a2f3980c661371d2c done
#15 exporting manifest list sha256:71f93592df1b406ec072b41cbaca37aaa2ab77cfaea86f2ccd6f4ea89d6ce0f4 done
#15 naming to docker.io/library/sentinel-backend:phase3-candidate-311c10a done
#15 unpacking to docker.io/library/sentinel-backend:phase3-candidate-311c10a done
#15 DONE 0.1s

#16 resolving provenance for metadata file
#16 DONE 0.0s

--- STDERR ---
 Image sentinel-backend:phase3-candidate-311c10a Building 
 Image sentinel-backend:phase3-candidate-311c10a Built 
