INFO  [alembic.runtime.migration] Context impl PostgresqlImpl.
INFO  [alembic.runtime.migration] Will assume transactional DDL.
INFO  [alembic.runtime.migration] Running upgrade  -> f272b723f71b, Add transformer asset registry
INFO  [alembic.runtime.migration] Running upgrade f272b723f71b -> 84b8976a7d0d, Add transactional telemetry ingestion
INFO  [alembic.runtime.migration] Running upgrade 84b8976a7d0d -> ce21c3b8140a, Enforce the existing append-only configuration contract in PostgreSQL.
INFO  [alembic.runtime.migration] Running upgrade 84b8976a7d0d -> d001_maintenance, Add Person D's sample maintenance task milestone.
INFO  [alembic.runtime.migration] Running upgrade d001_maintenance -> d002_task_workflow, Extend D001 tasks without replacing existing task identities or alert snapshots.
INFO  [alembic.runtime.migration] Running upgrade ce21c3b8140a, d002_task_workflow -> d003_audit_maintenance, Join immutable configurations and maintenance without rewriting either branch.
INFO  [alembic.runtime.migration] Running upgrade ce21c3b8140a -> d730a91b4c22, add durable analytics worker
INFO  [alembic.runtime.migration] Running upgrade d730a91b4c22, d003_audit_maintenance -> d004_worker_maintenance, Join the now-merged analytics worker with D's audit/maintenance join.
INFO  [alembic.runtime.migration] Running upgrade d004_worker_maintenance -> w001_what_if_snapshots, Add immutable what-if snapshots; leave worker/results/configuration data intact.
INFO  [alembic.runtime.migration] Running upgrade d004_worker_maintenance -> a001_incident_registry, Add canonical incident registry and trusted identity; preserve sample tasks.
INFO  [alembic.runtime.migration] Running upgrade a001_incident_registry -> d005_incident_tasks, Link genuine tasks without rewriting sample records or registry history.
INFO  [alembic.runtime.migration] Running upgrade a001_incident_registry -> a002_incident_outbox, Add incident delivery checkpoints without rewriting existing event history.
INFO  [alembic.runtime.migration] Running upgrade a002_incident_outbox, d005_incident_tasks, w001_what_if_snapshots -> d006_combined_integration, Join reviewed branch migrations; preserve all applied revisions and records.
d006_combined_integration (head)
INFO  [alembic.runtime.migration] Context impl PostgresqlImpl.
INFO  [alembic.runtime.migration] Will assume transactional DDL.
d006_combined_integration (head) (mergepoint)
INFO  [alembic.runtime.migration] Context impl PostgresqlImpl.
INFO  [alembic.runtime.migration] Will assume transactional DDL.
INFO  [alembic.runtime.plugins] setting up autogenerate plugin alembic.autogenerate.schemas
INFO  [alembic.runtime.plugins] setting up autogenerate plugin alembic.autogenerate.tables
INFO  [alembic.runtime.plugins] setting up autogenerate plugin alembic.autogenerate.types
INFO  [alembic.runtime.plugins] setting up autogenerate plugin alembic.autogenerate.constraints
INFO  [alembic.runtime.plugins] setting up autogenerate plugin alembic.autogenerate.defaults
INFO  [alembic.runtime.plugins] setting up autogenerate plugin alembic.autogenerate.comments
INFO  [alembic.ddl.postgresql] Detected sequence named 'maintenance_task_history_id_seq' as owned by integer column 'maintenance_task_history(id)', assuming SERIAL and omitting
INFO  [alembic.ddl.postgresql] Detected sequence named 'telemetry_processing_jobs_id_seq' as owned by integer column 'telemetry_processing_jobs(id)', assuming SERIAL and omitting
INFO  [alembic.ddl.postgresql] Detected sequence named 'telemetry_readings_id_seq' as owned by integer column 'telemetry_readings(id)', assuming SERIAL and omitting
INFO  [alembic.ddl.postgresql] Detected sequence named 'incident_evidence_id_seq' as owned by integer column 'incident_evidence(id)', assuming SERIAL and omitting
INFO  [alembic.ddl.postgresql] Detected sequence named 'analytics_results_id_seq' as owned by integer column 'analytics_results(id)', assuming SERIAL and omitting
INFO  [alembic.ddl.postgresql] Detected sequence named 'asset_configurations_id_seq' as owned by integer column 'asset_configurations(id)', assuming SERIAL and omitting
No new upgrade operations detected.
